[byvolp.firebaseapp.com/games/dogeminer/index.html]
[arc.io/widget.min.js]
[backblue.gif]
[fade.gif]
[index.html]
[byvolp.firebaseapp.com/games/dogeminer/favicon.ico]
[byvolp.firebaseapp.com/games/dogeminer/img/dogeminer_300x300.png]
[byvolp.firebaseapp.com/games/dogeminer/css/main-v1-0-2-bs.css]
[byvolp.firebaseapp.com/games/dogeminer/css/sunny/jquery-ui-1.10.4.custom.min.css]
[connect.facebook.net/en_US/sdk.js]
[pagead2.googlesyndication.com/pagead/js/f.txt]
[byvolp.firebaseapp.com/games/dogeminer/img/dogecoin-d.png]
[byvolp.firebaseapp.com/games/dogeminer/img/flyingrocket.png]
[platform.twitter.com/widgets.js]
[pagead2.googlesyndication.com/pagead/js/f6cf6.txt]
[www.google-analytics.com/analytics.js]
[byvolp.firebaseapp.com/js/main.10.delayed]
[byvolp.firebaseapp.com/games/dogeminer/index.html]
[cdn.jsdelivr.net/gh/xlegends/framed/script.js]
[byvolp.firebaseapp.com/games/dogeminer/js/plugins.js]
[byvolp.firebaseapp.com/games/dogeminer/js/main.js]
[byvolp.firebaseapp.com/games/dogeminer/img/hands.12.delayed]
[byvolp.firebaseapp.com/games/dogeminer/img/level1.png]
[byvolp.firebaseapp.com/games/dogeminer/img/level2e4da.png]
[byvolp.firebaseapp.com/games/dogeminer/img/level3.png]
[byvolp.firebaseapp.com/games/dogeminer/img/bg/bg1.jpg]
[byvolp.firebaseapp.com/games/dogeminer/img/FlyingDoge.png]
[byvolp.firebaseapp.com/games/dogeminer/img/bonuscoin_small.png]
[byvolp.firebaseapp.com/games/dogeminer/img/themoonc81e.png]
[byvolp.firebaseapp.com/games/dogeminer/img/pbar-ani.gif]
[byvolp.firebaseapp.com/games/dogeminer/css/main-v1-0-2-bs.css]
[byvolp.firebaseapp.com/games/dogeminer/css/sunny/jquery-ui-1.10.4.custom.min.css]
[connect.facebook.net/en_US/sdk.js]
[byvolp.firebaseapp.com/js/main.html]
[byvolp.firebaseapp.com/games/dogeminer/img/hands.html]
[byvolp.firebaseapp.com/games/dogeminer/img/FlyingDoge.html]
[byvolp.firebaseapp.com/games/dogeminer/img/bonuscoin_small.html]
[byvolp.firebaseapp.com/games/dogeminer/img/themoonc81e.html]
[byvolp.firebaseapp.com/games/dogeminer/img/pbar-ani.html]
